0.02689663
0.89288665
0.02993948
0.75914773
0.14532748
0.56759791
0.02451316
0.75
0.10124852
0.74745983
0.03321396
0.3600279
0.20008159
0.69740632
0.13511489
0.70419527
0.03823453
0.86385747
0.03854416
0.34967137
0.0454285
0.85025924
0.03915249
0.69258226
0.13669422
0.64782098
0.16057554
0.41040834
0.02699551
0.83338121
