0.12223152
0.5452381
0.2494228
0.51148851
0.13392556
0.27698508
0.10147306
0.12839136
0.12833874
0.25674731
0.1923545
0.4543771
0.17200818
0.32317205
0.10456713
0.31558817
0.13809524
0.343177
0.09339226
0.36599212
0.15228528
0.30932863
0.21514458
0.264316
0.11906967
0.24128913
0.19259241
0.38721499
0.13306331
0.4025641
