0.42037
0.2656756
0.2141484
0.4300118
0.2216407
0.2011301
0.2152861
0.1695102
0.4049645
0.2656933
0.2178114
0.0419205
0.3177986
0.0974281
0.1841283
0.2584799
0.210859
0.1852002
0.1802044
0.2461527
0.1826504
0.6518669
0.1360249
0.3810463
0.1151473
0.4926668
0.3048325
0.2180474
0.158452
0.4025386
