0.8102013
0.5580062
0.0859987
0.6547686
0.38029
0.7467291
0.2558181
0.292559
0.2655579
0.4585776
0.4794653
0.1975078
0.1411772
0.7050385
0.5847789
0.2484266
0.3745034
0.4029265
0.3363154
0.3003394
0.4634718
0.2812
0.724978
0.0692873
0.4874971
0.2435633
0.2413489
0.2074377
0.5091941
0.4369267
