0.0000178
0.0023905
0.0000006
0.0001597
0.0062401
0.1502843
0.0006466
0.7708927
0.0165903
0.0197647
0.0401269
0.0009305
0.3542524
0.0260856
0.0001439
0.0000164
0.4376855
0.0000067
0.2336103
0.0304716
0.0161159
0.00001
0.4960167
0.4894723
0.2007919
0.0000008
0.0256285
0.0117782
0.0001184
0.0002741
